arm                                            n   @20   @40  g20/l20 p20    g40/l40 p40     p50ms  p90ms
engine A0                                     83  33.7  36.1  +0/-0 1.0000  +0/-0 1.0000      41     51
engine slots                                  83  33.7  43.4  +1/-1 1.0000  +6/-0 0.0312      53     59
engine rrf                                    83  34.9  41.0  +2/-1 1.0000  +5/-1 0.2188      41     50
engine slots+rrf                              83  42.2  47.0  +7/-0 0.0156  +10/-1 0.0117      53     63
replica A0r                                   83  33.7  36.1  +0/-0 1.0000  +0/-0 1.0000      37     43
replica rr                                    83  30.1  37.3  +1/-4 0.3750  +2/-1 1.0000      37     43
replica rrf1                                  83  31.3  38.6  +1/-3 0.6250  +3/-1 0.6250      37     43
replica rrf5                                  83  34.9  38.6  +2/-1 1.0000  +3/-1 0.6250      37     43
replica rrf20                                 83  34.9  41.0  +2/-1 1.0000  +5/-1 0.2188      37     43
replica inst                                  83  41.0  44.6  +7/-1 0.0703  +8/-1 0.0391      37     43
replica instrr                                83  37.3  43.4  +5/-2 0.4531  +8/-2 0.1094      37     43
jev-only wide rr                              83  61.4  65.1  +28/-5 0.0001  +30/-6 0.0001     703    797
jev-only wide global                          83  61.4  63.9  +28/-5 0.0001  +29/-6 0.0001     703    797
jev-only router rerank (<=15)                 83  59.0  59.0  +26/-5 0.0002  +25/-6 0.0009    1007   1130
union A0 + jev wide-rr top5                   83  51.8  54.2  +16/-1 0.0003  +15/-0 0.0001     703    797
union A0 + jev wide-rr top10                  83  59.0  62.7  +23/-2 0.0000  +22/-0 0.0000     703    797
union A0 + jev wide-rr top20                  83  61.4  67.5  +28/-5 0.0001  +27/-1 0.0000     703    797
union A0 + jev wide-glob top5                 83  47.0  49.4  +12/-1 0.0034  +11/-0 0.0010     703    797
union A0 + jev wide-glob top10                83  54.2  57.8  +19/-2 0.0002  +18/-0 0.0000     703    797
union A0 + jev wide-glob top20                83  61.4  67.5  +28/-5 0.0001  +27/-1 0.0000     703    797
union A0 + jev rerank top5                    83  55.4  57.8  +19/-1 0.0000  +18/-0 0.0000    1007   1130
union A0 + jev rerank top10                   83  60.2  63.9  +24/-2 0.0000  +23/-0 0.0000    1007   1130
union slots + jev wide-rr top5                83  53.0  57.8  +17/-1 0.0001  +18/-0 0.0000     703    797
union slots + jev wide-rr top10               83  60.2  65.1  +23/-1 0.0000  +25/-1 0.0000     703    797
union slots + jev wide-rr top20               83  61.4  68.7  +28/-5 0.0001  +28/-1 0.0000     703    797
union slots + jev wide-glob top5              83  48.2  53.0  +13/-1 0.0018  +14/-0 0.0001     703    797
union slots + jev wide-glob top10             83  55.4  60.2  +19/-1 0.0000  +21/-1 0.0000     703    797
union slots + jev wide-glob top20             83  61.4  68.7  +28/-5 0.0001  +28/-1 0.0000     703    797
union slots + jev rerank top5                 83  57.8  62.7  +21/-1 0.0000  +22/-0 0.0000    1007   1130
union slots + jev rerank top10                83  61.4  66.3  +24/-1 0.0000  +26/-1 0.0000    1007   1130
union inst + jev wide-rr top5                 83  53.0  56.6  +17/-1 0.0001  +18/-1 0.0001     703    797
union inst + jev wide-rr top10                83  60.2  65.1  +23/-1 0.0000  +25/-1 0.0000     703    797
union inst + jev wide-rr top20                83  61.4  68.7  +28/-5 0.0001  +28/-1 0.0000     703    797
union inst + jev wide-glob top5               83  48.2  53.0  +13/-1 0.0018  +15/-1 0.0005     703    797
union inst + jev wide-glob top10              83  55.4  60.2  +19/-1 0.0000  +21/-1 0.0000     703    797
union inst + jev wide-glob top20              83  61.4  68.7  +28/-5 0.0001  +28/-1 0.0000     703    797
union inst + jev rerank top5                  83  57.8  62.7  +21/-1 0.0000  +23/-1 0.0000    1007   1130
union inst + jev rerank top10                 83  61.4  66.3  +24/-1 0.0000  +26/-1 0.0000    1007   1130
union rr + jev wide-rr top5                   83  49.4  51.8  +16/-3 0.0044  +15/-2 0.0023     703    797
union rr + jev wide-rr top10                  83  57.8  60.2  +23/-3 0.0001  +22/-2 0.0000     703    797
union rr + jev wide-rr top20                  83  61.4  65.1  +28/-5 0.0001  +27/-3 0.0000     703    797
union rr + jev wide-glob top5                 83  44.6  47.0  +12/-3 0.0352  +11/-2 0.0225     703    797
union rr + jev wide-glob top10                83  53.0  55.4  +19/-3 0.0009  +18/-2 0.0004     703    797
union rr + jev wide-glob top20                83  61.4  65.1  +28/-5 0.0001  +27/-3 0.0000     703    797
union rr + jev rerank top5                    83  53.0  56.6  +19/-3 0.0009  +19/-2 0.0002    1007   1130
union rr + jev rerank top10                   83  59.0  61.4  +24/-3 0.0000  +23/-2 0.0000    1007   1130
excluding the 2 blocklisted-label cases changes n to 81
